  console.warn
    淇濆瓨鎴愮哗灏濊瘯 1/3 澶辫触: Error: 缃戠粶澶辫触
        at C:\Users\闂玕Desktop\SOLO\5鏈?1鏃AI_solo_coder_task_227\__tests__\advanced-features.test.js:229:35
        at C:\Users\闂玕Desktop\SOLO\5鏈?1鏃AI_solo_coder_task_227\node_modules\jest-mock\build\index.js:305:39
        at C:\Users\闂玕Desktop\SOLO\5鏈?1鏃AI_solo_coder_task_227\node_modules\jest-mock\build\index.js:312:13
        at mockConstructor (C:\Users\闂玕Desktop\SOLO\5鏈?1鏃AI_solo_coder_task_227\node_modules\jest-mock\build\index.js:102:19)
        at MusicRhythmGame.saveScoreWithRetry (eval at loadGameCode (C:\Users\闂玕Desktop\SOLO\5鏈?1鏃AI_solo_coder_task_227\__tests__\test-utils.js:55:5), <anonymous>:624:40)
        at Object.saveScoreWithRetry (C:\Users\闂玕Desktop\SOLO\5鏈?1鏃AI_solo_coder_task_227\__tests__\advanced-features.test.js:250:26)
        at Promise.finally.completed (C:\Users\闂玕Desktop\SOLO\5鏈?1鏃AI_solo_coder_task_227\node_modules\jest-circus\build\jestAdapterInit.js:1561:28)
        at new Promise (<anonymous>)
        at callAsyncCircusFn (C:\Users\闂玕Desktop\SOLO\5鏈?1鏃AI_solo_coder_task_227\node_modules\jest-circus\build\jestAdapterInit.js:1501:10)
        at _callCircusTest (C:\Users\闂玕Desktop\SOLO\5鏈?1鏃AI_solo_coder_task_227\node_modules\jest-circus\build\jestAdapterInit.js:1011:40)
        at processTicksAndRejections (node:internal/process/task_queues:104:5)
        at _runTest (C:\Users\闂玕Desktop\SOLO\5鏈?1鏃AI_solo_coder_task_227\node_modules\jest-circus\build\jestAdapterInit.js:951:3)
        at C:\Users\闂玕Desktop\SOLO\5鏈?1鏃AI_solo_coder_task_227\node_modules\jest-circus\build\jestAdapterInit.js:853:7
        at _runTestsForDescribeBlock (C:\Users\闂玕Desktop\SOLO\5鏈?1鏃AI_solo_coder_task_227\node_modules\jest-circus\build\jestAdapterInit.js:866:11)
        at _runTestsForDescribeBlock (C:\Users\闂玕Desktop\SOLO\5鏈?1鏃AI_solo_coder_task_227\node_modules\jest-circus\build\jestAdapterInit.js:861:11)
        at _runTestsForDescribeBlock (C:\Users\闂玕Desktop\SOLO\5鏈?1鏃AI_solo_coder_task_227\node_modules\jest-circus\build\jestAdapterInit.js:861:11)
        at run (C:\Users\闂玕Desktop\SOLO\5鏈?1鏃AI_solo_coder_task_227\node_modules\jest-circus\build\jestAdapterInit.js:765:3)
        at runAndTransformResultsToJestFormat (C:\Users\闂玕Desktop\SOLO\5鏈?1鏃AI_solo_coder_task_227\node_modules\jest-circus\build\jestAdapterInit.js:1993:21)
        at jestAdapter (C:\Users\闂玕Desktop\SOLO\5鏈?1鏃AI_solo_coder_task_227\node_modules\jest-circus\build\runner.js:111:19)
        at runTestInternal (C:\Users\闂玕Desktop\SOLO\5鏈?1鏃AI_solo_coder_task_227\node_modules\jest-runner\build\testWorker.js:276:16)
        at runTest (C:\Users\闂玕Desktop\SOLO\5鏈?1鏃AI_solo_coder_task_227\node_modules\jest-runner\build\testWorker.js:344:7)
        at Object.worker (C:\Users\闂玕Desktop\SOLO\5鏈?1鏃AI_solo_coder_task_227\node_modules\jest-runner\build\testWorker.js:498:12)

      at MusicRhythmGame.saveScoreWithRetry (eval at loadGameCode (__tests__/test-utils.js:55:5), <anonymous>:644:25)
      at Object.<anonymous> (__tests__/advanced-features.test.js:250:7)

  console.warn
    淇濆瓨鎴愮哗灏濊瘯 2/3 澶辫触: Error: 缃戠粶澶辫触
        at C:\Users\闂玕Desktop\SOLO\5鏈?1鏃AI_solo_coder_task_227\__tests__\advanced-features.test.js:229:35
        at C:\Users\闂玕Desktop\SOLO\5鏈?1鏃AI_solo_coder_task_227\node_modules\jest-mock\build\index.js:305:39
        at C:\Users\闂玕Desktop\SOLO\5鏈?1鏃AI_solo_coder_task_227\node_modules\jest-mock\build\index.js:312:13
        at mockConstructor (C:\Users\闂玕Desktop\SOLO\5鏈?1鏃AI_solo_coder_task_227\node_modules\jest-mock\build\index.js:102:19)
        at MusicRhythmGame.saveScoreWithRetry (eval at loadGameCode (C:\Users\闂玕Desktop\SOLO\5鏈?1鏃AI_solo_coder_task_227\__tests__\test-utils.js:55:5), <anonymous>:624:40)
        at Object.<anonymous> (C:\Users\闂玕Desktop\SOLO\5鏈?1鏃AI_solo_coder_task_227\__tests__\advanced-features.test.js:250:7)

      at MusicRhythmGame.saveScoreWithRetry (eval at loadGameCode (__tests__/test-utils.js:55:5), <anonymous>:644:25)
      at Object.<anonymous> (__tests__/advanced-features.test.js:250:7)

  console.warn
    闊抽鍔犺浇澶辫触锛屾父鎴忓皢缁х画浣嗘棤闊抽: Error: 瑙ｇ爜澶辫触
        at Object.<anonymous> (C:\Users\闂玕Desktop\SOLO\5鏈?1鏃AI_solo_coder_task_227\__tests__\audio-sync.test.js:111:63)
        at Promise.finally.completed (C:\Users\闂玕Desktop\SOLO\5鏈?1鏃AI_solo_coder_task_227\node_modules\jest-circus\build\jestAdapterInit.js:1561:28)
        at new Promise (<anonymous>)
        at callAsyncCircusFn (C:\Users\闂玕Desktop\SOLO\5鏈?1鏃AI_solo_coder_task_227\node_modules\jest-circus\build\jestAdapterInit.js:1501:10)
        at _callCircusTest (C:\Users\闂玕Desktop\SOLO\5鏈?1鏃AI_solo_coder_task_227\node_modules\jest-circus\build\jestAdapterInit.js:1011:40)
        at runNextTicks (node:internal/process/task_queues:65:5)
        at processTimers (node:internal/timers:538:9)
        at _runTest (C:\Users\闂玕Desktop\SOLO\5鏈?1鏃AI_solo_coder_task_227\node_modules\jest-circus\build\jestAdapterInit.js:951:3)
        at C:\Users\闂玕Desktop\SOLO\5鏈?1鏃AI_solo_coder_task_227\node_modules\jest-circus\build\jestAdapterInit.js:853:7
        at _runTestsForDescribeBlock (C:\Users\闂玕Desktop\SOLO\5鏈?1鏃AI_solo_coder_task_227\node_modules\jest-circus\build\jestAdapterInit.js:866:11)
        at _runTestsForDescribeBlock (C:\Users\闂玕Desktop\SOLO\5鏈?1鏃AI_solo_coder_task_227\node_modules\jest-circus\build\jestAdapterInit.js:861:11)
        at _runTestsForDescribeBlock (C:\Users\闂玕Desktop\SOLO\5鏈?1鏃AI_solo_coder_task_227\node_modules\jest-circus\build\jestAdapterInit.js:861:11)
        at run (C:\Users\闂玕Desktop\SOLO\5鏈?1鏃AI_solo_coder_task_227\node_modules\jest-circus\build\jestAdapterInit.js:765:3)
        at runAndTransformResultsToJestFormat (C:\Users\闂玕Desktop\SOLO\5鏈?1鏃AI_solo_coder_task_227\node_modules\jest-circus\build\jestAdapterInit.js:1993:21)
        at jestAdapter (C:\Users\闂玕Desktop\SOLO\5鏈?1鏃AI_solo_coder_task_227\node_modules\jest-circus\build\runner.js:111:19)
        at runTestInternal (C:\Users\闂玕Desktop\SOLO\5鏈?1鏃AI_solo_coder_task_227\node_modules\jest-runner\build\testWorker.js:276:16)
        at runTest (C:\Users\闂玕Desktop\SOLO\5鏈?1鏃AI_solo_coder_task_227\node_modules\jest-runner\build\testWorker.js:344:7)
        at Object.worker (C:\Users\闂玕Desktop\SOLO\5鏈?1鏃AI_solo_coder_task_227\node_modules\jest-runner\build\testWorker.js:498:12)

      at MusicRhythmGame.prepareAudio (eval at loadGameCode (__tests__/test-utils.js:55:5), <anonymous>:139:21)
      at MusicRhythmGame.startGame (eval at loadGameCode (__tests__/test-utils.js:55:5), <anonymous>:103:13)
      at Object.<anonymous> (__tests__/audio-sync.test.js:149:7)

  console.log
    鎴愮哗淇濆瓨鎴愬姛

      at MusicRhythmGame.saveScoreWithRetry (eval at loadGameCode (__tests__/test-utils.js:55:5), <anonymous>:640:29)

  console.warn
    淇濆瓨鎴愮哗灏濊瘯 1/3 澶辫触: Error: 缃戠粶澶辫触
        at C:\Users\闂玕Desktop\SOLO\5鏈?1鏃AI_solo_coder_task_227\__tests__\advanced-features.test.js:272:35
        at C:\Users\闂玕Desktop\SOLO\5鏈?1鏃AI_solo_coder_task_227\node_modules\jest-mock\build\index.js:305:39
        at C:\Users\闂玕Desktop\SOLO\5鏈?1鏃AI_solo_coder_task_227\node_modules\jest-mock\build\index.js:312:13
        at mockConstructor (C:\Users\闂玕Desktop\SOLO\5鏈?1鏃AI_solo_coder_task_227\node_modules\jest-mock\build\index.js:102:19)
        at MusicRhythmGame.saveScoreWithRetry (eval at loadGameCode (C:\Users\闂玕Desktop\SOLO\5鏈?1鏃AI_solo_coder_task_227\__tests__\test-utils.js:55:5), <anonymous>:624:40)
        at Object.saveScoreWithRetry (C:\Users\闂玕Desktop\SOLO\5鏈?1鏃AI_solo_coder_task_227\__tests__\advanced-features.test.js:288:26)
        at Promise.finally.completed (C:\Users\闂玕Desktop\SOLO\5鏈?1鏃AI_solo_coder_task_227\node_modules\jest-circus\build\jestAdapterInit.js:1561:28)
        at new Promise (<anonymous>)
        at callAsyncCircusFn (C:\Users\闂玕Desktop\SOLO\5鏈?1鏃AI_solo_coder_task_227\node_modules\jest-circus\build\jestAdapterInit.js:1501:10)
        at _callCircusTest (C:\Users\闂玕Desktop\SOLO\5鏈?1鏃AI_solo_coder_task_227\node_modules\jest-circus\build\jestAdapterInit.js:1011:40)
        at _runTest (C:\Users\闂玕Desktop\SOLO\5鏈?1鏃AI_solo_coder_task_227\node_modules\jest-circus\build\jestAdapterInit.js:951:3)
        at C:\Users\闂玕Desktop\SOLO\5鏈?1鏃AI_solo_coder_task_227\node_modules\jest-circus\build\jestAdapterInit.js:853:7
        at _runTestsForDescribeBlock (C:\Users\闂玕Desktop\SOLO\5鏈?1鏃AI_solo_coder_task_227\node_modules\jest-circus\build\jestAdapterInit.js:866:11)
        at _runTestsForDescribeBlock (C:\Users\闂玕Desktop\SOLO\5鏈?1鏃AI_solo_coder_task_227\node_modules\jest-circus\build\jestAdapterInit.js:861:11)
        at _runTestsForDescribeBlock (C:\Users\闂玕Desktop\SOLO\5鏈?1鏃AI_solo_coder_task_227\node_modules\jest-circus\build\jestAdapterInit.js:861:11)
        at run (C:\Users\闂玕Desktop\SOLO\5鏈?1鏃AI_solo_coder_task_227\node_modules\jest-circus\build\jestAdapterInit.js:765:3)
        at runAndTransformResultsToJestFormat (C:\Users\闂玕Desktop\SOLO\5鏈?1鏃AI_solo_coder_task_227\node_modules\jest-circus\build\jestAdapterInit.js:1993:21)
        at jestAdapter (C:\Users\闂玕Desktop\SOLO\5鏈?1鏃AI_solo_coder_task_227\node_modules\jest-circus\build\runner.js:111:19)
        at runTestInternal (C:\Users\闂玕Desktop\SOLO\5鏈?1鏃AI_solo_coder_task_227\node_modules\jest-runner\build\testWorker.js:276:16)
        at runTest (C:\Users\闂玕Desktop\SOLO\5鏈?1鏃AI_solo_coder_task_227\node_modules\jest-runner\build\testWorker.js:344:7)
        at Object.worker (C:\Users\闂玕Desktop\SOLO\5鏈?1鏃AI_solo_coder_task_227\node_modules\jest-runner\build\testWorker.js:498:12)

      at MusicRhythmGame.saveScoreWithRetry (eval at loadGameCode (__tests__/test-utils.js:55:5), <anonymous>:644:25)
      at Object.<anonymous> (__tests__/advanced-features.test.js:288:7)

  console.warn
    淇濆瓨鎴愮哗灏濊瘯 2/3 澶辫触: Error: 缃戠粶澶辫触
        at C:\Users\闂玕Desktop\SOLO\5鏈?1鏃AI_solo_coder_task_227\__tests__\advanced-features.test.js:272:35
        at C:\Users\闂玕Desktop\SOLO\5鏈?1鏃AI_solo_coder_task_227\node_modules\jest-mock\build\index.js:305:39
        at C:\Users\闂玕Desktop\SOLO\5鏈?1鏃AI_solo_coder_task_227\node_modules\jest-mock\build\index.js:312:13
        at mockConstructor (C:\Users\闂玕Desktop\SOLO\5鏈?1鏃AI_solo_coder_task_227\node_modules\jest-mock\build\index.js:102:19)
        at MusicRhythmGame.saveScoreWithRetry (eval at loadGameCode (C:\Users\闂玕Desktop\SOLO\5鏈?1鏃AI_solo_coder_task_227\__tests__\test-utils.js:55:5), <anonymous>:624:40)
        at runNextTicks (node:internal/process/task_queues:65:5)
        at processTimers (node:internal/timers:538:9)
        at Object.<anonymous> (C:\Users\闂玕Desktop\SOLO\5鏈?1鏃AI_solo_coder_task_227\__tests__\advanced-features.test.js:288:7)

      at MusicRhythmGame.saveScoreWithRetry (eval at loadGameCode (__tests__/test-utils.js:55:5), <anonymous>:644:25)
      at Object.<anonymous> (__tests__/advanced-features.test.js:288:7)

  console.log
    鎴愮哗淇濆瓨鎴愬姛

      at MusicRhythmGame.saveScoreWithRetry (eval at loadGameCode (__tests__/test-utils.js:55:5), <anonymous>:640:29)

  console.warn
    淇濆瓨鎴愮哗灏濊瘯 1/3 澶辫触: Error: 缃戠粶澶辫触
        at C:\Users\闂玕Desktop\SOLO\5鏈?1鏃AI_solo_coder_task_227\__tests__\advanced-features.test.js:308:33
        at C:\Users\闂玕Desktop\SOLO\5鏈?1鏃AI_solo_coder_task_227\node_modules\jest-mock\build\index.js:305:39
        at C:\Users\闂玕Desktop\SOLO\5鏈?1鏃AI_solo_coder_task_227\node_modules\jest-mock\build\index.js:312:13
        at mockConstructor (C:\Users\闂玕Desktop\SOLO\5鏈?1鏃AI_solo_coder_task_227\node_modules\jest-mock\build\index.js:102:19)
        at MusicRhythmGame.saveScoreWithRetry (eval at loadGameCode (C:\Users\闂玕Desktop\SOLO\5鏈?1鏃AI_solo_coder_task_227\__tests__\test-utils.js:55:5), <anonymous>:624:40)
        at Object.saveScoreWithRetry (C:\Users\闂玕Desktop\SOLO\5鏈?1鏃AI_solo_coder_task_227\__tests__\advanced-features.test.js:319:26)
        at Promise.finally.completed (C:\Users\闂玕Desktop\SOLO\5鏈?1鏃AI_solo_coder_task_227\node_modules\jest-circus\build\jestAdapterInit.js:1561:28)
        at new Promise (<anonymous>)
        at callAsyncCircusFn (C:\Users\闂玕Desktop\SOLO\5鏈?1鏃AI_solo_coder_task_227\node_modules\jest-circus\build\jestAdapterInit.js:1501:10)
        at _callCircusTest (C:\Users\闂玕Desktop\SOLO\5鏈?1鏃AI_solo_coder_task_227\node_modules\jest-circus\build\jestAdapterInit.js:1011:40)
        at _runTest (C:\Users\闂玕Desktop\SOLO\5鏈?1鏃AI_solo_coder_task_227\node_modules\jest-circus\build\jestAdapterInit.js:951:3)
        at C:\Users\闂玕Desktop\SOLO\5鏈?1鏃AI_solo_coder_task_227\node_modules\jest-circus\build\jestAdapterInit.js:853:7
        at _runTestsForDescribeBlock (C:\Users\闂玕Desktop\SOLO\5鏈?1鏃AI_solo_coder_task_227\node_modules\jest-circus\build\jestAdapterInit.js:866:11)
        at _runTestsForDescribeBlock (C:\Users\闂玕Desktop\SOLO\5鏈?1鏃AI_solo_coder_task_227\node_modules\jest-circus\build\jestAdapterInit.js:861:11)
        at _runTestsForDescribeBlock (C:\Users\闂玕Desktop\SOLO\5鏈?1鏃AI_solo_coder_task_227\node_modules\jest-circus\build\jestAdapterInit.js:861:11)
        at run (C:\Users\闂玕Desktop\SOLO\5鏈?1鏃AI_solo_coder_task_227\node_modules\jest-circus\build\jestAdapterInit.js:765:3)
        at runAndTransformResultsToJestFormat (C:\Users\闂玕Desktop\SOLO\5鏈?1鏃AI_solo_coder_task_227\node_modules\jest-circus\build\jestAdapterInit.js:1993:21)
        at jestAdapter (C:\Users\闂玕Desktop\SOLO\5鏈?1鏃AI_solo_coder_task_227\node_modules\jest-circus\build\runner.js:111:19)
        at runTestInternal (C:\Users\闂玕Desktop\SOLO\5鏈?1鏃AI_solo_coder_task_227\node_modules\jest-runner\build\testWorker.js:276:16)
        at runTest (C:\Users\闂玕Desktop\SOLO\5鏈?1鏃AI_solo_coder_task_227\node_modules\jest-runner\build\testWorker.js:344:7)
        at Object.worker (C:\Users\闂玕Desktop\SOLO\5鏈?1鏃AI_solo_coder_task_227\node_modules\jest-runner\build\testWorker.js:498:12)

      at MusicRhythmGame.saveScoreWithRetry (eval at loadGameCode (__tests__/test-utils.js:55:5), <anonymous>:644:25)
      at Object.<anonymous> (__tests__/advanced-features.test.js:319:7)

  console.warn
    淇濆瓨鎴愮哗灏濊瘯 2/3 澶辫触: Error: 缃戠粶澶辫触
        at C:\Users\闂玕Desktop\SOLO\5鏈?1鏃AI_solo_coder_task_227\__tests__\advanced-features.test.js:308:33
        at C:\Users\闂玕Desktop\SOLO\5鏈?1鏃AI_solo_coder_task_227\node_modules\jest-mock\build\index.js:305:39
        at C:\Users\闂玕Desktop\SOLO\5鏈?1鏃AI_solo_coder_task_227\node_modules\jest-mock\build\index.js:312:13
        at mockConstructor (C:\Users\闂玕Desktop\SOLO\5鏈?1鏃AI_solo_coder_task_227\node_modules\jest-mock\build\index.js:102:19)
        at MusicRhythmGame.saveScoreWithRetry (eval at loadGameCode (C:\Users\闂玕Desktop\SOLO\5鏈?1鏃AI_solo_coder_task_227\__tests__\test-utils.js:55:5), <anonymous>:624:40)
        at Object.<anonymous> (C:\Users\闂玕Desktop\SOLO\5鏈?1鏃AI_solo_coder_task_227\__tests__\advanced-features.test.js:319:7)

      at MusicRhythmGame.saveScoreWithRetry (eval at loadGameCode (__tests__/test-utils.js:55:5), <anonymous>:644:25)
      at Object.<anonymous> (__tests__/advanced-features.test.js:319:7)

  console.warn
    淇濆瓨鎴愮哗灏濊瘯 3/3 澶辫触: Error: 缃戠粶澶辫触
        at C:\Users\闂玕Desktop\SOLO\5鏈?1鏃AI_solo_coder_task_227\__tests__\advanced-features.test.js:308:33
        at C:\Users\闂玕Desktop\SOLO\5鏈?1鏃AI_solo_coder_task_227\node_modules\jest-mock\build\index.js:305:39
        at C:\Users\闂玕Desktop\SOLO\5鏈?1鏃AI_solo_coder_task_227\node_modules\jest-mock\build\index.js:312:13
        at mockConstructor (C:\Users\闂玕Desktop\SOLO\5鏈?1鏃AI_solo_coder_task_227\node_modules\jest-mock\build\index.js:102:19)
        at MusicRhythmGame.saveScoreWithRetry (eval at loadGameCode (C:\Users\闂玕Desktop\SOLO\5鏈?1鏃AI_solo_coder_task_227\__tests__\test-utils.js:55:5), <anonymous>:624:40)
        at runNextTicks (node:internal/process/task_queues:65:5)
        at processTimers (node:internal/timers:538:9)
        at Object.<anonymous> (C:\Users\闂玕Desktop\SOLO\5鏈?1鏃AI_solo_coder_task_227\__tests__\advanced-features.test.js:319:7)

      at MusicRhythmGame.saveScoreWithRetry (eval at loadGameCode (__tests__/test-utils.js:55:5), <anonymous>:644:25)
      at Object.<anonymous> (__tests__/advanced-features.test.js:319:7)

  console.log
    鎴愮哗宸茬紦瀛樺埌鏈湴锛屽皢鍦ㄤ笅娆￠噸璇?
      at MusicRhythmGame.saveScoreWithRetry (eval at loadGameCode (__tests__/test-utils.js:55:5), <anonymous>:654:21)

  console.log
    鍙戠幇 1 涓緟涓婁紶鐨勬垚缁?
      at MusicRhythmGame.processPendingScores (eval at loadGameCode (__tests__/test-utils.js:55:5), <anonymous>:681:17)

  console.log
    鍙戠幇 1 涓緟涓婁紶鐨勬垚缁?
      at MusicRhythmGame.processPendingScores (eval at loadGameCode (__tests__/test-utils.js:55:5), <anonymous>:681:17)

  console.log
    缂撳瓨鐨勬垚缁╀笂浼犳垚鍔?
      at MusicRhythmGame.processPendingScores (eval at loadGameCode (__tests__/test-utils.js:55:5), <anonymous>:704:29)

  console.log
    缂撳瓨鐨勬垚缁╀笂浼犳垚鍔?
      at MusicRhythmGame.processPendingScores (eval at loadGameCode (__tests__/test-utils.js:55:5), <anonymous>:704:29)

  console.log
    鍙戠幇 1 涓緟涓婁紶鐨勬垚缁?
      at MusicRhythmGame.processPendingScores (eval at loadGameCode (__tests__/test-utils.js:55:5), <anonymous>:681:17)

  console.log
    鍙戠幇 1 涓緟涓婁紶鐨勬垚缁?
      at MusicRhythmGame.processPendingScores (eval at loadGameCode (__tests__/test-utils.js:55:5), <anonymous>:681:17)

  console.log
    鍙戠幇 1 涓緟涓婁紶鐨勬垚缁?
      at MusicRhythmGame.processPendingScores (eval at loadGameCode (__tests__/test-utils.js:55:5), <anonymous>:681:17)

  console.log
    鍙戠幇 1 涓緟涓婁紶鐨勬垚缁?
      at MusicRhythmGame.processPendingScores (eval at loadGameCode (__tests__/test-utils.js:55:5), <anonymous>:681:17)

  console.log
    缂撳瓨鐨勬垚缁╀笂浼犳垚鍔?
      at MusicRhythmGame.processPendingScores (eval at loadGameCode (__tests__/test-utils.js:55:5), <anonymous>:704:29)

  console.log
    缂撳瓨鐨勬垚缁╀笂浼犳垚鍔?
      at MusicRhythmGame.processPendingScores (eval at loadGameCode (__tests__/test-utils.js:55:5), <anonymous>:704:29)

node : Test Suites: 3 passed, 3 total
所在位置 行:1 字符: 1
+ node node_modules/jest/bin/jest.js --verbose > test-output.txt 2>
&1
+ ~~~~~~~~~~~~~~~~~~~~~~~~~~~~~~~~~~~~~~~~~~~~~~~~~~~~~~~~~~~~~~~~~
~~
    + CategoryInfo          : NotSpecified: (Test Suites: 3 passed 
   , 3 total:String) [], RemoteException
    + FullyQualifiedErrorId : NativeCommandError
 
Tests:       28 passed, 28 total
Snapshots:   0 total
Time:        11.687 s
Ran all test suites.
